FFFFF                                                                    [100%]
=================================== FAILURES ===================================
________ test_local_plan_orders_hithink_then_stock_daily_then_consumers ________

    def test_local_plan_orders_hithink_then_stock_daily_then_consumers():
        names = [n for n, _ in rs.build_local_plan("2026-09-23", 1, 1)]  # build only; lambdas not invoked
        i_h, i_s = names.index("hithink-stock-daily"), names.index("stock-daily")
>       assert i_h < i_s, names
E       AssertionError: ['db-lock', 'stock-daily', 'hithink-stock-daily', 'hithink-sector-kline', 'hithink-limit-pools', 'hithink-dragon-auction', ...]
E       assert 2 < 1

../execute/probe.py:51: AssertionError
_________________ test_snapshot_success_short_circuits_control _________________

monkeypatch = <_pytest.monkeypatch.MonkeyPatch object at 0x10a6b22a0>

    def test_snapshot_success_short_circuits_control(monkeypatch):
        calls = []
        monkeypatch.setattr(rs, "run_step", _recorder(calls))
        monkeypatch.setattr(rs, "_count", lambda table, date: 5000)
>       out = rs.sync_stock_daily("2026-09-23", 1, hithink_fallback=True)
E       TypeError: sync_stock_daily() got an unexpected keyword argument 'hithink_fallback'

../execute/probe.py:61: TypeError
________________ test_bridge_runs_only_when_canonical_day_empty ________________

monkeypatch = <_pytest.monkeypatch.MonkeyPatch object at 0x10a7113d0>

    def test_bridge_runs_only_when_canonical_day_empty(monkeypatch):
        calls = []
        monkeypatch.setattr(rs, "run_step", _recorder(calls))
        counts = iter([0, 0, 700])  # empty after snapshot, empty after fallback, filled by bridge
        monkeypatch.setattr(rs, "_count", lambda table, date: next(counts))
>       out = rs.sync_stock_daily("2026-09-23", 1, hithink_fallback=True)
E       TypeError: sync_stock_daily() got an unexpected keyword argument 'hithink_fallback'

../execute/probe.py:72: TypeError
___________ test_bridge_skipped_when_fallback_fills_rows_adversarial ___________

monkeypatch = <_pytest.monkeypatch.MonkeyPatch object at 0x10a711a90>

    def test_bridge_skipped_when_fallback_fills_rows_adversarial(monkeypatch):
        # Adversarial: snapshot yields 0 rows, fallback fills them; a buggy impl would still bridge.
        calls = []
        monkeypatch.setattr(rs, "run_step", _recorder(calls))
        counts = iter([0, 321])
        monkeypatch.setattr(rs, "_count", lambda table, date: next(counts))
>       out = rs.sync_stock_daily("2026-09-23", 1, hithink_fallback=True)
E       TypeError: sync_stock_daily() got an unexpected keyword argument 'hithink_fallback'

../execute/probe.py:84: TypeError
_______ test_exhausted_stock_daily_retries_block_downstream_and_release ________

monkeypatch = <_pytest.monkeypatch.MonkeyPatch object at 0x10a710710>

    def test_exhausted_stock_daily_retries_block_downstream_and_release(monkeypatch):
        seen = {"runs": 0, "downstream": 0, "release": 0, "runlog": None}
    
        def failing_stock():
            seen["runs"] += 1
            tag = "orig" if seen["runs"] == 1 else f"r{seen['runs'] - 1}"
            return {"label": "stock-daily", "status": "fail", "code": 1, "elapsed": 0.1,
                    "attempts": [{"label": tag, "status": "fail", "code": 1, "elapsed": 0.1}]}
    
        def downstream():
            seen["downstream"] += 1
            return _res("sector-daily-local")
    
        monkeypatch.setattr(rs, "build_plan", lambda *a, **k: [("stock-daily", failing_stock),
                                                               ("sector-daily-local", downstream)])
        monkeypatch.setattr(rs, "_notify", lambda msg: None)
        monkeypatch.setattr(rs, "run_release_steps",
                            lambda *a, **k: (seen.__setitem__("release", seen["release"] + 1), ([], True))[1])
        monkeypatch.setattr(rs, "write_runlog",
                            lambda date, results, gate_ok, plan="full": seen.__setitem__("runlog", (results, gate_ok)))
        monkeypatch.setattr(sys, "argv", ["x", "--date", "2026-09-23", "--plan", "local",
                                          "--skip-preflight", "--retry-rounds", "2"])
        rc = rs.main()
>       assert rc == 1
E       assert 0 == 1

../execute/probe.py:112: AssertionError
----------------------------- Captured stdout call -----------------------------
== plan=local (requested=local) date=2026-09-23 ==

== 收尾重试 第1轮: stock-daily ==

== 收尾重试 第2轮: stock-daily ==

== 同步段结束 ==
下一步生成段：
  python3 -m intelligence.cli daily --date 2026-09-23 --skip-sync --from-step daily-review \
    --plan local --summary-json market_feature_store/exports/2026-09-23-daily-workflow-summary.json
- generated xml file: /Users/a77/.finance-runtime/reviews/market-recovery-qc-20260923/continuation-257263f/mutations/F1-before-wiring/execute/probe.xml -
=========================== short test summary info ============================
FAILED ../execute/probe.py::test_local_plan_orders_hithink_then_stock_daily_then_consumers
FAILED ../execute/probe.py::test_snapshot_success_short_circuits_control - Ty...
FAILED ../execute/probe.py::test_bridge_runs_only_when_canonical_day_empty - ...
FAILED ../execute/probe.py::test_bridge_skipped_when_fallback_fills_rows_adversarial
FAILED ../execute/probe.py::test_exhausted_stock_daily_retries_block_downstream_and_release
5 failed in 0.30s
