== gate @ 4dd5e6660108 tree=/Users/a77/.finance-runtime/reviews/market-recovery-qc-20260923/delivery-gate-4dd5e66/candidate py=/Users/a77/finance-workspace-private/.venv-workbench/bin/python receipt=/Users/a77/.finance-runtime/reviews/market-recovery-qc-20260923/delivery-gate-4dd5e66/author-scoped-gate/gate-Q577ToZt/pytest.json
== ruff check .
All checks passed!
== pytest -q -p no:cacheprovider tests/
tests/test_pipeline_p0.py::test_mainline_complete_snapshot_is_atomic_and_idempotent
tests/test_pipeline_p0.py::test_mainline_partial_writes_succeeded_themes_as_degraded[exception]
tests/test_pipeline_p0.py::test_mainline_partial_writes_succeeded_themes_as_degraded[empty_groups]
tests/test_pipeline_p0.py::test_mainline_partial_writes_succeeded_themes_as_degraded[empty_stocks]
tests/test_pipeline_p0.py::test_mainline_empty_theme_list_is_failed_without_writing
  /Users/a77/.finance-runtime/reviews/market-recovery-qc-20260923/delivery-gate-4dd5e66/candidate/market_feature_store/sync/sync_fupanhui_mainline_daily.py:66: DeprecationWarning: datetime.datetime.utcnow() is deprecated and scheduled for removal in a future version. Use timezone-aware objects to represent datetimes in UTC: datetime.datetime.now(datetime.UTC).
    now = datetime.utcnow().isoformat()

tests/test_pipeline_p0.py::test_mainline_sector_failure_keeps_previous_snapshot[response0]
tests/test_pipeline_p0.py::test_mainline_sector_failure_keeps_previous_snapshot[response1]
  /Users/a77/.finance-runtime/reviews/market-recovery-qc-20260923/delivery-gate-4dd5e66/candidate/market_feature_store/sync/sync_fupanhui_mainline_sector_daily.py:121: DeprecationWarning: datetime.datetime.utcnow() is deprecated and scheduled for removal in a future version. Use timezone-aware objects to represent datetimes in UTC: datetime.datetime.now(datetime.UTC).
    now = datetime.utcnow().isoformat()

-- Docs: https://docs.pytest.org/en/stable/how-to/capture-warnings.html
2676 passed, 62 skipped, 17 warnings in 650.20s (0:10:50)
== receipt /Users/a77/.finance-runtime/reviews/market-recovery-qc-20260923/delivery-gate-4dd5e66/author-scoped-gate/gate-Q577ToZt/pytest.json
   revision=4dd5e6660108 dirty=False target=tests/
   passed=2676 failed=0 error=0 skipped=62 xfailed=0 xpassed=0
