========================================================================
读数收据校验 — 判「能不能采信」，不重跑测试
========================================================================
  收据     /Users/a77/.finance-runtime/reviews/market-recovery-qc-20260923/continuation-257263f/full-gate/gate-fbkayBkJ/pytest.json
  产生于   2026-09-23T09:06:30+00:00
  来自树   /Users/a77/.finance-runtime/reviews/market-recovery-qc-20260923/continuation-257263f/candidate
  目标     /Users/a77/.finance-runtime/reviews/market-recovery-qc-20260923/continuation-257263f/candidate
  读数     passed=14874 failed=0 error=0 skipped=85

  ✓ 执行读数 14874 条（passed+failed+error）
  ✓ 收集面未被收窄（collected=14961）
  ✓ 收执对账平：collected=14961 == 读数合计=14961
  ✓ revision 一致
  ✓ 解释器一致
  ✓ python 版本一致
  ✓ 依赖指纹一致
  ✓ 收据来自干净树
  ✓ 依赖门禁未被绕过
  ✓ 收据 revision == 257263f63f52
  ✓ 基座漂移 0 ≤ 0

✅ 可采信 —— 收据成立的条件与当前环境一致，无需重跑。
