========================================================================
读数收据校验 — 判「能不能采信」，不重跑测试
========================================================================
  收据     /Users/a77/.finance-runtime/reviews/market-recovery-qc-20260923/glm-50330cf/full-gate/gate-UtG3vrT9/pytest.json
  产生于   2026-09-23T10:59:24+00:00
  来自树   /Users/a77/.finance-runtime/reviews/market-recovery-qc-20260923/glm-50330cf/candidate
  目标     /Users/a77/.finance-runtime/reviews/market-recovery-qc-20260923/glm-50330cf/candidate
  读数     passed=14874 failed=1 error=0 skipped=85

  ✓ 执行读数 14875 条（passed+failed+error）
  ✓ 收集面未被收窄（collected=14962）
  ✓ 收执对账平：collected=14962 == 读数合计=14962
  ✓ revision 一致
  ✓ 解释器一致
  ✓ python 版本一致
  ✓ 依赖指纹一致
  ✓ 收据来自干净树
  ✓ 依赖门禁未被绕过
  ✓ 收据 revision == 50330cf4fa43
  ✗ 收据基座落后 gitea/main 共 4 张合并（上限 0）——分支尖收据不得冒充批次门禁，rebase 后重跑

🔁 需重跑 —— 1 项条件不符：基座漂移超限
   （「需重跑」不等于「测试坏了」，只是这份收据不适用于你的处境。）
