....F                                                                    [100%]
=================================== FAILURES ===================================
_______ test_exhausted_stock_daily_retries_block_downstream_and_release ________

monkeypatch = <_pytest.monkeypatch.MonkeyPatch object at 0x107d4b8f0>

    def test_exhausted_stock_daily_retries_block_downstream_and_release(monkeypatch):
        seen = {"runs": 0, "downstream": 0, "release": 0, "runlog": None}
    
        def failing_stock():
            seen["runs"] += 1
            tag = "orig" if seen["runs"] == 1 else f"r{seen['runs'] - 1}"
            return {"label": "stock-daily", "status": "fail", "code": 1, "elapsed": 0.1,
                    "attempts": [{"label": tag, "status": "fail", "code": 1, "elapsed": 0.1}]}
    
        def downstream():
            seen["downstream"] += 1
            return _res("sector-daily-local")
    
        monkeypatch.setattr(rs, "build_plan", lambda *a, **k: [("stock-daily", failing_stock),
                                                               ("sector-daily-local", downstream)])
        monkeypatch.setattr(rs, "_notify", lambda msg: None)
        monkeypatch.setattr(rs, "run_release_steps",
                            lambda *a, **k: (seen.__setitem__("release", seen["release"] + 1), ([], True))[1])
        monkeypatch.setattr(rs, "write_runlog",
                            lambda date, results, gate_ok, plan="full": seen.__setitem__("runlog", (results, gate_ok)))
        monkeypatch.setattr(sys, "argv", ["x", "--date", "2026-09-23", "--plan", "local",
                                          "--skip-preflight", "--retry-rounds", "2"])
        rc = rs.main()
        assert rc == 1
        assert seen["runs"] == 3  # original + 2 exhausted retries
        assert seen["downstream"] == 0 and seen["release"] == 0  # downstream + release blocked
        results, gate_ok = seen["runlog"]
        assert gate_ok is False
>       assert [a["label"] for a in results[0]["attempts"]] == ["orig", "r1", "r2"]  # records retained
E       AssertionError: assert ['r2'] == ['orig', 'r1', 'r2']
E         
E         At index 0 diff: 'r2' != 'orig'
E         Right contains 2 more items, first extra item: 'r1'
E         Use -v to get more diff

../execute/probe.py:117: AssertionError
----------------------------- Captured stdout call -----------------------------
== plan=local (requested=local) date=2026-09-23 ==

== 行情依赖步骤未成功：停止下游/导出/换名 ==
- generated xml file: /Users/a77/.finance-runtime/reviews/market-recovery-qc-20260923/glm-50330cf/mutations/F1-before-attempt-history/execute/probe.xml -
=========================== short test summary info ============================
FAILED ../execute/probe.py::test_exhausted_stock_daily_retries_block_downstream_and_release
1 failed, 4 passed in 0.12s
