..FFFFFFFFFFFFF.                                                         [100%]
=================================== FAILURES ===================================
__________ test_outside_sector_invalid_close_refuses_untouched[None] ___________

bad = None

    @pytest.mark.parametrize("bad", BAD)
    def test_outside_sector_invalid_close_refuses_untouched(bad):
>       _refuses_untouched(_con(out_close=bad))  # OUT bar feeds market-wide counts

../execute/probe.py:100: 
_ _ _ _ _ _ _ _ _ _ _ _ _ _ _ _ _ _ _ _ _ _ _ _ _ _ _ _ _ _ _ _ _ _ _ _ _ _ _ _ 

con = <_duckdb.DuckDBPyConnection object at 0x1100221f0>

    def _refuses_untouched(con):
        _seed(con)
        before = _rows(con)
>       with pytest.raises(ValueError):
E       Failed: DID NOT RAISE <class 'ValueError'>

../execute/probe.py:73: Failed
__________ test_outside_sector_invalid_close_refuses_untouched[-1.0] ___________

bad = -1.0

    @pytest.mark.parametrize("bad", BAD)
    def test_outside_sector_invalid_close_refuses_untouched(bad):
>       _refuses_untouched(_con(out_close=bad))  # OUT bar feeds market-wide counts

../execute/probe.py:100: 
_ _ _ _ _ _ _ _ _ _ _ _ _ _ _ _ _ _ _ _ _ _ _ _ _ _ _ _ _ _ _ _ _ _ _ _ _ _ _ _ 

con = <_duckdb.DuckDBPyConnection object at 0x10b15f1b0>

    def _refuses_untouched(con):
        _seed(con)
        before = _rows(con)
>       with pytest.raises(ValueError):
E       Failed: DID NOT RAISE <class 'ValueError'>

../execute/probe.py:73: Failed
___________ test_outside_sector_invalid_close_refuses_untouched[0.0] ___________

bad = 0.0

    @pytest.mark.parametrize("bad", BAD)
    def test_outside_sector_invalid_close_refuses_untouched(bad):
>       _refuses_untouched(_con(out_close=bad))  # OUT bar feeds market-wide counts

../execute/probe.py:100: 
_ _ _ _ _ _ _ _ _ _ _ _ _ _ _ _ _ _ _ _ _ _ _ _ _ _ _ _ _ _ _ _ _ _ _ _ _ _ _ _ 

con = <_duckdb.DuckDBPyConnection object at 0x11005fd30>

    def _refuses_untouched(con):
        _seed(con)
        before = _rows(con)
>       with pytest.raises(ValueError):
E       Failed: DID NOT RAISE <class 'ValueError'>

../execute/probe.py:73: Failed
___________ test_outside_sector_invalid_close_refuses_untouched[nan] ___________

bad = nan

    @pytest.mark.parametrize("bad", BAD)
    def test_outside_sector_invalid_close_refuses_untouched(bad):
>       _refuses_untouched(_con(out_close=bad))  # OUT bar feeds market-wide counts

../execute/probe.py:100: 
_ _ _ _ _ _ _ _ _ _ _ _ _ _ _ _ _ _ _ _ _ _ _ _ _ _ _ _ _ _ _ _ _ _ _ _ _ _ _ _ 

con = <_duckdb.DuckDBPyConnection object at 0x11004e570>

    def _refuses_untouched(con):
        _seed(con)
        before = _rows(con)
>       with pytest.raises(ValueError):
E       Failed: DID NOT RAISE <class 'ValueError'>

../execute/probe.py:73: Failed
___________ test_outside_sector_invalid_close_refuses_untouched[inf] ___________

bad = inf

    @pytest.mark.parametrize("bad", BAD)
    def test_outside_sector_invalid_close_refuses_untouched(bad):
>       _refuses_untouched(_con(out_close=bad))  # OUT bar feeds market-wide counts

../execute/probe.py:100: 
_ _ _ _ _ _ _ _ _ _ _ _ _ _ _ _ _ _ _ _ _ _ _ _ _ _ _ _ _ _ _ _ _ _ _ _ _ _ _ _ 

con = <_duckdb.DuckDBPyConnection object at 0x1100482f0>

    def _refuses_untouched(con):
        _seed(con)
        before = _rows(con)
>       with pytest.raises(ValueError):
E       Failed: DID NOT RAISE <class 'ValueError'>

../execute/probe.py:73: Failed
__________ test_outside_sector_invalid_close_refuses_untouched[-inf] ___________

bad = -inf

    @pytest.mark.parametrize("bad", BAD)
    def test_outside_sector_invalid_close_refuses_untouched(bad):
>       _refuses_untouched(_con(out_close=bad))  # OUT bar feeds market-wide counts

../execute/probe.py:100: 
_ _ _ _ _ _ _ _ _ _ _ _ _ _ _ _ _ _ _ _ _ _ _ _ _ _ _ _ _ _ _ _ _ _ _ _ _ _ _ _ 

con = <_duckdb.DuckDBPyConnection object at 0x110071ef0>

    def _refuses_untouched(con):
        _seed(con)
        before = _rows(con)
>       with pytest.raises(ValueError):
E       Failed: DID NOT RAISE <class 'ValueError'>

../execute/probe.py:73: Failed
__________ test_declared_member_invalid_close_refuses_untouched[None] __________

bad = None

    @pytest.mark.parametrize("bad", BAD)
    def test_declared_member_invalid_close_refuses_untouched(bad):
>       _refuses_untouched(_con(m2_close=bad))

../execute/probe.py:105: 
_ _ _ _ _ _ _ _ _ _ _ _ _ _ _ _ _ _ _ _ _ _ _ _ _ _ _ _ _ _ _ _ _ _ _ _ _ _ _ _ 

con = <_duckdb.DuckDBPyConnection object at 0x110051130>

    def _refuses_untouched(con):
        _seed(con)
        before = _rows(con)
>       with pytest.raises(ValueError):
E       Failed: DID NOT RAISE <class 'ValueError'>

../execute/probe.py:73: Failed
__________ test_declared_member_invalid_close_refuses_untouched[-1.0] __________

bad = -1.0

    @pytest.mark.parametrize("bad", BAD)
    def test_declared_member_invalid_close_refuses_untouched(bad):
>       _refuses_untouched(_con(m2_close=bad))

../execute/probe.py:105: 
_ _ _ _ _ _ _ _ _ _ _ _ _ _ _ _ _ _ _ _ _ _ _ _ _ _ _ _ _ _ _ _ _ _ _ _ _ _ _ _ 

con = <_duckdb.DuckDBPyConnection object at 0x110022d30>

    def _refuses_untouched(con):
        _seed(con)
        before = _rows(con)
>       with pytest.raises(ValueError):
E       Failed: DID NOT RAISE <class 'ValueError'>

../execute/probe.py:73: Failed
__________ test_declared_member_invalid_close_refuses_untouched[0.0] ___________

bad = 0.0

    @pytest.mark.parametrize("bad", BAD)
    def test_declared_member_invalid_close_refuses_untouched(bad):
>       _refuses_untouched(_con(m2_close=bad))

../execute/probe.py:105: 
_ _ _ _ _ _ _ _ _ _ _ _ _ _ _ _ _ _ _ _ _ _ _ _ _ _ _ _ _ _ _ _ _ _ _ _ _ _ _ _ 

con = <_duckdb.DuckDBPyConnection object at 0x110079970>

    def _refuses_untouched(con):
        _seed(con)
        before = _rows(con)
>       with pytest.raises(ValueError):
E       Failed: DID NOT RAISE <class 'ValueError'>

../execute/probe.py:73: Failed
__________ test_declared_member_invalid_close_refuses_untouched[nan] ___________

bad = nan

    @pytest.mark.parametrize("bad", BAD)
    def test_declared_member_invalid_close_refuses_untouched(bad):
>       _refuses_untouched(_con(m2_close=bad))

../execute/probe.py:105: 
_ _ _ _ _ _ _ _ _ _ _ _ _ _ _ _ _ _ _ _ _ _ _ _ _ _ _ _ _ _ _ _ _ _ _ _ _ _ _ _ 

con = <_duckdb.DuckDBPyConnection object at 0x110023e70>

    def _refuses_untouched(con):
        _seed(con)
        before = _rows(con)
>       with pytest.raises(ValueError):
E       Failed: DID NOT RAISE <class 'ValueError'>

../execute/probe.py:73: Failed
__________ test_declared_member_invalid_close_refuses_untouched[inf] ___________

bad = inf

    @pytest.mark.parametrize("bad", BAD)
    def test_declared_member_invalid_close_refuses_untouched(bad):
>       _refuses_untouched(_con(m2_close=bad))

../execute/probe.py:105: 
_ _ _ _ _ _ _ _ _ _ _ _ _ _ _ _ _ _ _ _ _ _ _ _ _ _ _ _ _ _ _ _ _ _ _ _ _ _ _ _ 

con = <_duckdb.DuckDBPyConnection object at 0x11008aaf0>

    def _refuses_untouched(con):
        _seed(con)
        before = _rows(con)
>       with pytest.raises(ValueError):
E       Failed: DID NOT RAISE <class 'ValueError'>

../execute/probe.py:73: Failed
__________ test_declared_member_invalid_close_refuses_untouched[-inf] __________

bad = -inf

    @pytest.mark.parametrize("bad", BAD)
    def test_declared_member_invalid_close_refuses_untouched(bad):
>       _refuses_untouched(_con(m2_close=bad))

../execute/probe.py:105: 
_ _ _ _ _ _ _ _ _ _ _ _ _ _ _ _ _ _ _ _ _ _ _ _ _ _ _ _ _ _ _ _ _ _ _ _ _ _ _ _ 

con = <_duckdb.DuckDBPyConnection object at 0x11007aff0>

    def _refuses_untouched(con):
        _seed(con)
        before = _rows(con)
>       with pytest.raises(ValueError):
E       Failed: DID NOT RAISE <class 'ValueError'>

../execute/probe.py:73: Failed
__________________ test_missing_member_bar_refuses_untouched ___________________

    def test_missing_member_bar_refuses_untouched():
>       _refuses_untouched(_con(drop=(M2,)))  # M2 projected member, no canonical bar

../execute/probe.py:109: 
_ _ _ _ _ _ _ _ _ _ _ _ _ _ _ _ _ _ _ _ _ _ _ _ _ _ _ _ _ _ _ _ _ _ _ _ _ _ _ _ 

con = <_duckdb.DuckDBPyConnection object at 0x11009fb30>

    def _refuses_untouched(con):
        _seed(con)
        before = _rows(con)
>       with pytest.raises(ValueError):
E       Failed: DID NOT RAISE <class 'ValueError'>

../execute/probe.py:73: Failed
- generated xml file: /Users/a77/.finance-runtime/reviews/market-recovery-qc-20260923/glm-50330cf/zhipu-v1/mutations/F2-before-member-guard/execute/probe.xml -
=========================== short test summary info ============================
FAILED ../execute/probe.py::test_outside_sector_invalid_close_refuses_untouched[None]
FAILED ../execute/probe.py::test_outside_sector_invalid_close_refuses_untouched[-1.0]
FAILED ../execute/probe.py::test_outside_sector_invalid_close_refuses_untouched[0.0]
FAILED ../execute/probe.py::test_outside_sector_invalid_close_refuses_untouched[nan]
FAILED ../execute/probe.py::test_outside_sector_invalid_close_refuses_untouched[inf]
FAILED ../execute/probe.py::test_outside_sector_invalid_close_refuses_untouched[-inf]
FAILED ../execute/probe.py::test_declared_member_invalid_close_refuses_untouched[None]
FAILED ../execute/probe.py::test_declared_member_invalid_close_refuses_untouched[-1.0]
FAILED ../execute/probe.py::test_declared_member_invalid_close_refuses_untouched[0.0]
FAILED ../execute/probe.py::test_declared_member_invalid_close_refuses_untouched[nan]
FAILED ../execute/probe.py::test_declared_member_invalid_close_refuses_untouched[inf]
FAILED ../execute/probe.py::test_declared_member_invalid_close_refuses_untouched[-inf]
FAILED ../execute/probe.py::test_missing_member_bar_refuses_untouched - Faile...
13 failed, 3 passed in 4.01s
